// Vitest Snapshot v1, https://vitest.dev/guide/snapshot.html

exports[`renders component 1`] = `
<div
  className="App"
>
  <header
    className="header"
  >
    <h2>
      Snake
    </h2>
  </header>
  <main>
    <div
      className="light"
    >
      <div
        className="wrapper"
      >
        <div
          className="point   light"
          onClick={[Function]}
        >
          0
        </div>
        <div
          className="point   light"
          onClick={[Function]}
        >
          y1
        </div>
        <div
          className="point   light"
          onClick={[Function]}
        >
          y2
        </div>
        <div
          className="point   light"
          onClick={[Function]}
        >
          y3
        </div>
        <div
          className="point   light"
          onClick={[Function]}
        >
          y4
        </div>
        <div
          className="point   light"
          onClick={[Function]}
        >
          y5
        </div>
        <div
          className="point   light"
          onClick={[Function]}
        >
          y6
        </div>
        <div
          className="point   light"
          onClick={[Function]}
        >
          y7
        </div>
        <div
          className="point   light"
          onClick={[Function]}
        >
          x1
        </div>
        <div
          className="point   light"
          onClick={[Function]}
        />
        <div
          className="point   light"
          onClick={[Function]}
        />
        <div
          className="point   light"
          onClick={[Function]}
        />
        <div
          className="point   light"
          onClick={[Function]}
        />
        <div
          className="point   light"
          onClick={[Function]}
        />
        <div
          className="point   light"
          onClick={[Function]}
        />
        <div
          className="point   light"
          onClick={[Function]}
        />
        <div
          className="point   light"
          onClick={[Function]}
        >
          x2
        </div>
        <div
          className="point   light"
          onClick={[Function]}
        />
        <div
          className="point   light"
          onClick={[Function]}
        />
        <div
          className="point   light"
          onClick={[Function]}
        />
        <div
          className="point   light"
          onClick={[Function]}
        />
        <div
          className="point target  light"
          onClick={[Function]}
        />
        <div
          className="point   light"
          onClick={[Function]}
        />
        <div
          className="point   light"
          onClick={[Function]}
        />
        <div
          className="point   light"
          onClick={[Function]}
        >
          x3
        </div>
        <div
          className="point   light"
          onClick={[Function]}
        />
        <div
          className="point   light"
          onClick={[Function]}
        />
        <div
          className="point   light"
          onClick={[Function]}
        />
        <div
          className="point   light"
          onClick={[Function]}
        />
        <div
          className="point   light"
          onClick={[Function]}
        />
        <div
          className="point   light"
          onClick={[Function]}
        />
        <div
          className="point   light"
          onClick={[Function]}
        />
        <div
          className="point   light"
          onClick={[Function]}
        >
          x4
        </div>
        <div
          className="point   light"
          onClick={[Function]}
        />
        <div
          className="point   light"
          onClick={[Function]}
        />
        <div
          className="point   light"
          onClick={[Function]}
        />
        <div
          className="point   light"
          onClick={[Function]}
        />
        <div
          className="point  snake head light"
          onClick={[Function]}
        />
        <div
          className="point   light"
          onClick={[Function]}
        />
        <div
          className="point   light"
          onClick={[Function]}
        />
        <div
          className="point   light"
          onClick={[Function]}
        >
          x5
        </div>
        <div
          className="point   light"
          onClick={[Function]}
        />
        <div
          className="point   light"
          onClick={[Function]}
        />
        <div
          className="point   light"
          onClick={[Function]}
        />
        <div
          className="point   light"
          onClick={[Function]}
        />
        <div
          className="point   light"
          onClick={[Function]}
        />
        <div
          className="point   light"
          onClick={[Function]}
        />
        <div
          className="point   light"
          onClick={[Function]}
        />
        <div
          className="point   light"
          onClick={[Function]}
        >
          x6
        </div>
        <div
          className="point   light"
          onClick={[Function]}
        />
        <div
          className="point   light"
          onClick={[Function]}
        />
        <div
          className="point   light"
          onClick={[Function]}
        />
        <div
          className="point   light"
          onClick={[Function]}
        />
        <div
          className="point   light"
          onClick={[Function]}
        />
        <div
          className="point   light"
          onClick={[Function]}
        />
        <div
          className="point   light"
          onClick={[Function]}
        />
        <div
          className="point   light"
          onClick={[Function]}
        >
          x7
        </div>
        <div
          className="point   light"
          onClick={[Function]}
        />
        <div
          className="point   light"
          onClick={[Function]}
        />
        <div
          className="point   light"
          onClick={[Function]}
        />
        <div
          className="point   light"
          onClick={[Function]}
        />
        <div
          className="point   light"
          onClick={[Function]}
        />
        <div
          className="point   light"
          onClick={[Function]}
        />
        <div
          className="point   light"
          onClick={[Function]}
        />
      </div>
      <label>
        <input
          checked={false}
          onChange={[Function]}
          type="checkbox"
        />
        Use 
        dark
         mode
      </label>
    </div>
  </main>
</div>
`;
